// Jest Snapshot v1, https://goo.gl/fbAQLP

exports[`<ReviewList/> should render two reviews 1`] = `
<ul
  className="reviews__list"
>
  <li
    className="reviews__item"
  >
    <div
      className="reviews__user user"
    >
      <div
        className="reviews__avatar-wrapper user__avatar-wrapper"
      >
        <img
          alt="Reviews avatar"
          className="reviews__avatar user__avatar"
          height="54"
          src="https://localhost"
          width="54"
        />
      </div>
      <span
        className="reviews__user-name"
      >
        Bruce
      </span>
    </div>
    <div
      className="reviews__info"
    >
      <div
        className="reviews__rating rating"
      >
        <div
          className="reviews__stars rating__stars"
        >
          <span
            style={
              Object {
                "width": "20%",
              }
            }
          />
          <span
            className="visually-hidden"
          >
            Rating
          </span>
        </div>
      </div>
      <p
        className="reviews__text"
      >
        I couldn't stand beeing there -- it's like desert. Why would anyone live in such a place? It's beyond my comprehension
      </p>
      <time
        className="reviews__time"
        dateTime={2019-12-17T00:24:00.000Z}
      >
        December 2019
      </time>
    </div>
  </li>
  <li
    className="reviews__item"
  >
    <div
      className="reviews__user user"
    >
      <div
        className="reviews__avatar-wrapper user__avatar-wrapper"
      >
        <img
          alt="Reviews avatar"
          className="reviews__avatar user__avatar"
          height="54"
          src="https://localhost"
          width="54"
        />
      </div>
      <span
        className="reviews__user-name"
      >
        Clark
      </span>
    </div>
    <div
      className="reviews__info"
    >
      <div
        className="reviews__rating rating"
      >
        <div
          className="reviews__stars rating__stars"
        >
          <span
            style={
              Object {
                "width": "100%",
              }
            }
          />
          <span
            className="visually-hidden"
          >
            Rating
          </span>
        </div>
      </div>
      <p
        className="reviews__text"
      >
        Gorgeous ambience, so much light and air! You could even play soccer here!
      </p>
      <time
        className="reviews__time"
        dateTime={2019-12-25T10:27:00.000Z}
      >
        December 2019
      </time>
    </div>
  </li>
</ul>
`;
