// Jest Snapshot v1, https://goo.gl/fbAQLP

exports[`<CitiesNavigation/> should return 6 cities starting with Metropolis 1`] = `
<div
  className="tabs"
>
  <section
    className="locations container"
  >
    <ul
      className="locations__list tabs__list"
    >
      <li
        className="locations__item"
      >
        <a
          className="locations__item-link tabs__item tabs__item--active"
          href="#"
          onClick={[Function]}
        >
          <span>
            Metropolis
          </span>
        </a>
      </li>
      <li
        className="locations__item"
      >
        <a
          className="locations__item-link tabs__item null"
          href="#"
          onClick={[Function]}
        >
          <span>
            Gotham
          </span>
        </a>
      </li>
      <li
        className="locations__item"
      >
        <a
          className="locations__item-link tabs__item null"
          href="#"
          onClick={[Function]}
        >
          <span>
            Utopia
          </span>
        </a>
      </li>
      <li
        className="locations__item"
      >
        <a
          className="locations__item-link tabs__item null"
          href="#"
          onClick={[Function]}
        >
          <span>
            Dystopia
          </span>
        </a>
      </li>
      <li
        className="locations__item"
      >
        <a
          className="locations__item-link tabs__item null"
          href="#"
          onClick={[Function]}
        >
          <span>
            Inferno
          </span>
        </a>
      </li>
      <li
        className="locations__item"
      >
        <a
          className="locations__item-link tabs__item null"
          href="#"
          onClick={[Function]}
        >
          <span>
            Limbo
          </span>
        </a>
      </li>
    </ul>
  </section>
</div>
`;
